ROOT {Odor?}
	a (e)
	l (e)
	c (p)
	y (e)
	f (p)
	m (p)
	n {CapColor?}
		n (e)
		b (p)
		c (e)
		g (e)
		r (e)
		p {GillColor?}
			k (p)
			n (p)
			b (p)
			h (p)
			g (p)
			r (p)
			o (p)
			p (p)
			u (p)
			e (p)
			w {CapShape?}
				b (p)
				c (e)
				x (e)
				f (e)
				k (e)
				s (e)
			y (p)
		u (e)
		e (e)
		w {Bruises?}
			t (p)
			f (e)
		y (p)
	p (p)
	s (e)
