1:1:INT
1:5:IDENT: main
1:9:LPAREN
1:10:RPAREN
2:1:LBRACE
3:3:INT
3:7:IDENT: a
3:8:STAR
3:10:ASSIGN
3:12:IDENT: malloc
3:18:LPAREN
3:19:INT_LIT: 40
3:21:RPAREN
3:22:SEMI
4:3:IF
4:5:LPAREN
4:6:IDENT: a
4:7:LBRACKET
4:8:INT_LIT: 2
4:9:RBRACKET
4:11:GT
4:13:FLOAT_LIT: 0.0
4:16:RPAREN
5:5:RETURN
5:12:Integer has leading 0: 01
5:14:SEMI
6:3:STRING
6:10:IDENT: s
6:12:ASSIGN
6:14:STRING_LIT: ""
7:3:RETURN
7:10:INT_LIT: 1
7:11:SEMI
8:1:RBRACE
