4:1:Integer arithmetic operator applied to non-numeric, non-pointer type
5:1:Integer arithmetic operator applied to non-numeric, non-pointer type
6:1:Integer arithmetic operator applied to non-numeric, non-pointer type
7:1:Integer arithmetic operator applied to non-numeric, non-pointer type
11:1:Integer arithmetic operator applied to non-numeric, non-pointer type
12:1:Integer arithmetic operator applied to non-numeric, non-pointer type
13:1:Integer arithmetic operator applied to non-numeric, non-pointer type
14:1:Integer arithmetic operator applied to non-numeric, non-pointer type
